// Jest Snapshot v1, https://goo.gl/fbAQLP

exports[`Login matches snapshot 1`] = `
ShallowWrapper {
  "length": 1,
  Symbol(enzyme.__root__): [Circular],
  Symbol(enzyme.__unrendered__): <Login
    loginError=""
/>,
  Symbol(enzyme.__renderer__): Object {
    "batchedUpdates": [Function],
    "getNode": [Function],
    "render": [Function],
    "simulateEvent": [Function],
    "unmount": [Function],
  },
  Symbol(enzyme.__node__): Object {
    "instance": null,
    "key": undefined,
    "nodeType": "host",
    "props": Object {
      "children": Array [
        "",
        <h3>
          Login
</h3>,
        <form
          onSubmit={[Function]}
>
          <div
                    className="Auth-email_container"
          >
                    <input
                              placeholder="Email"
                    />
          </div>
          <div
                    className="Auth-password_container"
          >
                    <input
                              placeholder="Password"
                              type="password"
                    />
          </div>
          <p>
                    <a
                              className="resetPassword"
                              onClick={[Function]}
                    >
                              Forgot Password?
                    </a>
          </p>
          <button
                    type="submit"
          >
                    Login
          </button>
</form>,
      ],
      "className": "Auth",
    },
    "ref": null,
    "rendered": Array [
      "",
      Object {
        "instance": null,
        "key": undefined,
        "nodeType": "host",
        "props": Object {
          "children": "Login",
        },
        "ref": null,
        "rendered": "Login",
        "type": "h3",
      },
      Object {
        "instance": null,
        "key": undefined,
        "nodeType": "host",
        "props": Object {
          "children": Array [
            <div
              className="Auth-email_container"
>
              <input
                            placeholder="Email"
              />
</div>,
            <div
              className="Auth-password_container"
>
              <input
                            placeholder="Password"
                            type="password"
              />
</div>,
            <p>
              <a
                            className="resetPassword"
                            onClick={[Function]}
              >
                            Forgot Password?
              </a>
</p>,
            <button
              type="submit"
>
              Login
</button>,
          ],
          "onSubmit": [Function],
        },
        "ref": null,
        "rendered": Array [
          Object {
            "instance": null,
            "key": undefined,
            "nodeType": "host",
            "props": Object {
              "children": <input
                placeholder="Email"
/>,
              "className": "Auth-email_container",
            },
            "ref": null,
            "rendered": Object {
              "instance": null,
              "key": undefined,
              "nodeType": "host",
              "props": Object {
                "placeholder": "Email",
              },
              "ref": [Function],
              "rendered": null,
              "type": "input",
            },
            "type": "div",
          },
          Object {
            "instance": null,
            "key": undefined,
            "nodeType": "host",
            "props": Object {
              "children": <input
                placeholder="Password"
                type="password"
/>,
              "className": "Auth-password_container",
            },
            "ref": null,
            "rendered": Object {
              "instance": null,
              "key": undefined,
              "nodeType": "host",
              "props": Object {
                "placeholder": "Password",
                "type": "password",
              },
              "ref": [Function],
              "rendered": null,
              "type": "input",
            },
            "type": "div",
          },
          Object {
            "instance": null,
            "key": undefined,
            "nodeType": "host",
            "props": Object {
              "children": <a
                className="resetPassword"
                onClick={[Function]}
>
                Forgot Password?
</a>,
            },
            "ref": null,
            "rendered": Object {
              "instance": null,
              "key": undefined,
              "nodeType": "host",
              "props": Object {
                "children": "Forgot Password?",
                "className": "resetPassword",
                "onClick": [Function],
              },
              "ref": null,
              "rendered": "Forgot Password?",
              "type": "a",
            },
            "type": "p",
          },
          Object {
            "instance": null,
            "key": undefined,
            "nodeType": "host",
            "props": Object {
              "children": "Login",
              "type": "submit",
            },
            "ref": null,
            "rendered": "Login",
            "type": "button",
          },
        ],
        "type": "form",
      },
    ],
    "type": "div",
  },
  Symbol(enzyme.__nodes__): Array [
    Object {
      "instance": null,
      "key": undefined,
      "nodeType": "host",
      "props": Object {
        "children": Array [
          "",
          <h3>
            Login
</h3>,
          <form
            onSubmit={[Function]}
>
            <div
                        className="Auth-email_container"
            >
                        <input
                                    placeholder="Email"
                        />
            </div>
            <div
                        className="Auth-password_container"
            >
                        <input
                                    placeholder="Password"
                                    type="password"
                        />
            </div>
            <p>
                        <a
                                    className="resetPassword"
                                    onClick={[Function]}
                        >
                                    Forgot Password?
                        </a>
            </p>
            <button
                        type="submit"
            >
                        Login
            </button>
</form>,
        ],
        "className": "Auth",
      },
      "ref": null,
      "rendered": Array [
        "",
        Object {
          "instance": null,
          "key": undefined,
          "nodeType": "host",
          "props": Object {
            "children": "Login",
          },
          "ref": null,
          "rendered": "Login",
          "type": "h3",
        },
        Object {
          "instance": null,
          "key": undefined,
          "nodeType": "host",
          "props": Object {
            "children": Array [
              <div
                className="Auth-email_container"
>
                <input
                                placeholder="Email"
                />
</div>,
              <div
                className="Auth-password_container"
>
                <input
                                placeholder="Password"
                                type="password"
                />
</div>,
              <p>
                <a
                                className="resetPassword"
                                onClick={[Function]}
                >
                                Forgot Password?
                </a>
</p>,
              <button
                type="submit"
>
                Login
</button>,
            ],
            "onSubmit": [Function],
          },
          "ref": null,
          "rendered": Array [
            Object {
              "instance": null,
              "key": undefined,
              "nodeType": "host",
              "props": Object {
                "children": <input
                  placeholder="Email"
/>,
                "className": "Auth-email_container",
              },
              "ref": null,
              "rendered": Object {
                "instance": null,
                "key": undefined,
                "nodeType": "host",
                "props": Object {
                  "placeholder": "Email",
                },
                "ref": [Function],
                "rendered": null,
                "type": "input",
              },
              "type": "div",
            },
            Object {
              "instance": null,
              "key": undefined,
              "nodeType": "host",
              "props": Object {
                "children": <input
                  placeholder="Password"
                  type="password"
/>,
                "className": "Auth-password_container",
              },
              "ref": null,
              "rendered": Object {
                "instance": null,
                "key": undefined,
                "nodeType": "host",
                "props": Object {
                  "placeholder": "Password",
                  "type": "password",
                },
                "ref": [Function],
                "rendered": null,
                "type": "input",
              },
              "type": "div",
            },
            Object {
              "instance": null,
              "key": undefined,
              "nodeType": "host",
              "props": Object {
                "children": <a
                  className="resetPassword"
                  onClick={[Function]}
>
                  Forgot Password?
</a>,
              },
              "ref": null,
              "rendered": Object {
                "instance": null,
                "key": undefined,
                "nodeType": "host",
                "props": Object {
                  "children": "Forgot Password?",
                  "className": "resetPassword",
                  "onClick": [Function],
                },
                "ref": null,
                "rendered": "Forgot Password?",
                "type": "a",
              },
              "type": "p",
            },
            Object {
              "instance": null,
              "key": undefined,
              "nodeType": "host",
              "props": Object {
                "children": "Login",
                "type": "submit",
              },
              "ref": null,
              "rendered": "Login",
              "type": "button",
            },
          ],
          "type": "form",
        },
      ],
      "type": "div",
    },
  ],
  Symbol(enzyme.__options__): Object {
    "adapter": ReactSixteenAdapter {
      "options": Object {
        "enableComponentDidUpdateOnSetState": true,
      },
    },
  },
}
`;
