// Jest Snapshot v1, https://goo.gl/fbAQLP

exports[`Register matches snapshot 1`] = `
ShallowWrapper {
  "length": 1,
  Symbol(enzyme.__root__): [Circular],
  Symbol(enzyme.__unrendered__): <Register
    regError=""
/>,
  Symbol(enzyme.__renderer__): Object {
    "batchedUpdates": [Function],
    "getNode": [Function],
    "render": [Function],
    "simulateEvent": [Function],
    "unmount": [Function],
  },
  Symbol(enzyme.__node__): Object {
    "instance": null,
    "key": undefined,
    "nodeType": "host",
    "props": Object {
      "children": Array [
        "",
        <h3>
          Register
</h3>,
        <form
          onSubmit={[Function]}
>
          <div
                    className="Auth-email_container"
          >
                    <input
                              placeholder="Email"
                              type="text"
                    />
          </div>
          <div
                    className="Auth-password_container"
          >
                    <input
                              placeholder="Password"
                              type="password"
                    />
          </div>
          <button
                    type="submit"
          >
                    Register
          </button>
</form>,
      ],
      "className": "Auth",
    },
    "ref": null,
    "rendered": Array [
      "",
      Object {
        "instance": null,
        "key": undefined,
        "nodeType": "host",
        "props": Object {
          "children": "Register",
        },
        "ref": null,
        "rendered": "Register",
        "type": "h3",
      },
      Object {
        "instance": null,
        "key": undefined,
        "nodeType": "host",
        "props": Object {
          "children": Array [
            <div
              className="Auth-email_container"
>
              <input
                            placeholder="Email"
                            type="text"
              />
</div>,
            <div
              className="Auth-password_container"
>
              <input
                            placeholder="Password"
                            type="password"
              />
</div>,
            <button
              type="submit"
>
              Register
</button>,
          ],
          "onSubmit": [Function],
        },
        "ref": null,
        "rendered": Array [
          Object {
            "instance": null,
            "key": undefined,
            "nodeType": "host",
            "props": Object {
              "children": <input
                placeholder="Email"
                type="text"
/>,
              "className": "Auth-email_container",
            },
            "ref": null,
            "rendered": Object {
              "instance": null,
              "key": undefined,
              "nodeType": "host",
              "props": Object {
                "placeholder": "Email",
                "type": "text",
              },
              "ref": [Function],
              "rendered": null,
              "type": "input",
            },
            "type": "div",
          },
          Object {
            "instance": null,
            "key": undefined,
            "nodeType": "host",
            "props": Object {
              "children": <input
                placeholder="Password"
                type="password"
/>,
              "className": "Auth-password_container",
            },
            "ref": null,
            "rendered": Object {
              "instance": null,
              "key": undefined,
              "nodeType": "host",
              "props": Object {
                "placeholder": "Password",
                "type": "password",
              },
              "ref": [Function],
              "rendered": null,
              "type": "input",
            },
            "type": "div",
          },
          Object {
            "instance": null,
            "key": undefined,
            "nodeType": "host",
            "props": Object {
              "children": "Register",
              "type": "submit",
            },
            "ref": null,
            "rendered": "Register",
            "type": "button",
          },
        ],
        "type": "form",
      },
    ],
    "type": "div",
  },
  Symbol(enzyme.__nodes__): Array [
    Object {
      "instance": null,
      "key": undefined,
      "nodeType": "host",
      "props": Object {
        "children": Array [
          "",
          <h3>
            Register
</h3>,
          <form
            onSubmit={[Function]}
>
            <div
                        className="Auth-email_container"
            >
                        <input
                                    placeholder="Email"
                                    type="text"
                        />
            </div>
            <div
                        className="Auth-password_container"
            >
                        <input
                                    placeholder="Password"
                                    type="password"
                        />
            </div>
            <button
                        type="submit"
            >
                        Register
            </button>
</form>,
        ],
        "className": "Auth",
      },
      "ref": null,
      "rendered": Array [
        "",
        Object {
          "instance": null,
          "key": undefined,
          "nodeType": "host",
          "props": Object {
            "children": "Register",
          },
          "ref": null,
          "rendered": "Register",
          "type": "h3",
        },
        Object {
          "instance": null,
          "key": undefined,
          "nodeType": "host",
          "props": Object {
            "children": Array [
              <div
                className="Auth-email_container"
>
                <input
                                placeholder="Email"
                                type="text"
                />
</div>,
              <div
                className="Auth-password_container"
>
                <input
                                placeholder="Password"
                                type="password"
                />
</div>,
              <button
                type="submit"
>
                Register
</button>,
            ],
            "onSubmit": [Function],
          },
          "ref": null,
          "rendered": Array [
            Object {
              "instance": null,
              "key": undefined,
              "nodeType": "host",
              "props": Object {
                "children": <input
                  placeholder="Email"
                  type="text"
/>,
                "className": "Auth-email_container",
              },
              "ref": null,
              "rendered": Object {
                "instance": null,
                "key": undefined,
                "nodeType": "host",
                "props": Object {
                  "placeholder": "Email",
                  "type": "text",
                },
                "ref": [Function],
                "rendered": null,
                "type": "input",
              },
              "type": "div",
            },
            Object {
              "instance": null,
              "key": undefined,
              "nodeType": "host",
              "props": Object {
                "children": <input
                  placeholder="Password"
                  type="password"
/>,
                "className": "Auth-password_container",
              },
              "ref": null,
              "rendered": Object {
                "instance": null,
                "key": undefined,
                "nodeType": "host",
                "props": Object {
                  "placeholder": "Password",
                  "type": "password",
                },
                "ref": [Function],
                "rendered": null,
                "type": "input",
              },
              "type": "div",
            },
            Object {
              "instance": null,
              "key": undefined,
              "nodeType": "host",
              "props": Object {
                "children": "Register",
                "type": "submit",
              },
              "ref": null,
              "rendered": "Register",
              "type": "button",
            },
          ],
          "type": "form",
        },
      ],
      "type": "div",
    },
  ],
  Symbol(enzyme.__options__): Object {
    "adapter": ReactSixteenAdapter {
      "options": Object {
        "enableComponentDidUpdateOnSetState": true,
      },
    },
  },
}
`;
